
> paperclip@ test:run D:\new-projects\paperclip
> vitest run


[1m[46m RUN [49m[22m [36mv3.2.4 [39m[90mD:/new-projects/paperclip[39m

 [32m✓[39m [30m[45m @paperclipai/server [49m[39m src/__tests__/agent-instructions-service.test.ts [2m([22m[2m6 tests[22m[2m)[22m[32m 207[2mms[22m[39m
 [32m✓[39m [30m[45m @paperclipai/adapter-opencode-local [49m[39m src/server/models.test.ts [2m([22m[2m3 tests[22m[2m)[22m[33m 346[2mms[22m[39m
 [32m✓[39m [30m[45m @paperclipai/server [49m[39m src/__tests__/gemini-local-adapter-environment.test.ts [2m([22m[2m3 tests[22m[2m)[22m[32m 299[2mms[22m[39m
 [32m✓[39m [30m[45m @paperclipai/server [49m[39m src/__tests__/opencode-local-adapter-environment.test.ts [2m([22m[2m3 tests[22m[2m)[22m[32m 296[2mms[22m[39m
 [32m✓[39m [30m[45m @paperclipai/server [49m[39m src/__tests__/gemini-local-execute.test.ts [2m([22m[2m2 tests[22m[2m)[22m[33m 340[2mms[22m[39m
 [32m✓[39m [30m[45m @paperclipai/server [49m[39m src/__tests__/opencode-local-execute.test.ts [2m([22m[2m1 test[22m[2m)[22m[33m 322[2mms[22m[39m
   [33m[2m✓[22m[39m opencode execute[2m > [22mreturns opencode_auth_required when OpenCode asks for login [33m 320[2mms[22m[39m
 [32m✓[39m [30m[45m @paperclipai/server [49m[39m src/__tests__/cursor-local-adapter-environment.test.ts [2m([22m[2m3 tests[22m[2m)[22m[33m 351[2mms[22m[39m
 [32m✓[39m [30m[45m @paperclipai/server [49m[39m src/__tests__/pi-local-adapter-environment.test.ts [2m([22m[2m2 tests[22m[2m)[22m[33m 444[2mms[22m[39m
   [33m[2m✓[22m[39m pi_local environment diagnostics[2m > [22mpasses a hello probe when model discovery and execution succeed [33m 327[2mms[22m[39m
 [32m✓[39m [30m[45m @paperclipai/server [49m[39m src/__tests__/cursor-local-execute.test.ts [2m([22m[2m4 tests[22m[2m)[22m[33m 593[2mms[22m[39m
 [32m✓[39m [30m[45m @paperclipai/server [49m[39m src/__tests__/codex-local-adapter-environment.test.ts [2m([22m[2m2 tests[22m[2m)[22m[32m 146[2mms[22m[39m
[paperclip host-runtime] listening on http://127.0.0.1:60888 capabilities=codex,browser
[paperclip host-runtime] listening on http://127.0.0.1:60891 capabilities=codex
[paperclip host-runtime] listening on http://127.0.0.1:60897 capabilities=codex
 [32m✓[39m [30m[45m @paperclipai/server [49m[39m src/__tests__/codex-local-skill-injection.test.ts [2m([22m[2m4 tests[22m[2m)[22m[32m 128[2mms[22m[39m
 [32m✓[39m [30m[45m @paperclipai/server [49m[39m src/__tests__/codex-local-execute.test.ts [2m([22m[2m10 tests[22m[2m)[22m[33m 1317[2mms[22m[39m
 [32m✓[39m [30m[45m @paperclipai/server [49m[39m src/__tests__/cursor-local-skill-sync.test.ts [2m([22m[2m3 tests[22m[2m)[22m[32m 110[2mms[22m[39m
[paperclip host-runtime] listening on http://127.0.0.1:60909 capabilities=codex
 [32m✓[39m [30m[45m @paperclipai/server [49m[39m src/__tests__/openclaw-gateway-adapter.test.ts [2m([22m[2m7 tests[22m[2m)[22m[32m 138[2mms[22m[39m
[paperclip host-runtime] listening on http://127.0.0.1:60912 capabilities=codex
 [32m✓[39m [30m[46m paperclipai [49m[39m src/__tests__/host-runtime.test.ts [2m([22m[2m5 tests[22m[2m)[22m[33m 804[2mms[22m[39m
   [33m[2m✓[22m[39m host-runtime serve[2m > [22mdoes not terminate a long-running host child just because the request body finished uploading [33m 466[2mms[22m[39m
 [32m✓[39m [30m[45m @paperclipai/server [49m[39m src/__tests__/quota-windows.test.ts [2m([22m[2m54 tests[22m[2m)[22m[32m 127[2mms[22m[39m
 [32m✓[39m [30m[45m @paperclipai/server [49m[39m src/__tests__/company-portability.test.ts [2m([22m[2m15 tests[22m[2m)[22m[32m 278[2mms[22m[39m
 [32m✓[39m [30m[45m @paperclipai/server [49m[39m src/__tests__/routines-routes.test.ts [2m([22m[2m7 tests[22m[2m)[22m[32m 152[2mms[22m[39m
 [32m✓[39m [30m[45m @paperclipai/server [49m[39m src/__tests__/costs-service.test.ts [2m([22m[2m8 tests[22m[2m)[22m[32m 241[2mms[22m[39m
 [32m✓[39m [30m[43m @paperclipai/ui [49m[39m src/lib/zip.test.ts [2m([22m[2m5 tests[22m[2m)[22m[32m 94[2mms[22m[39m
 [32m✓[39m [30m[45m @paperclipai/server [49m[39m src/__tests__/board-mutation-guard.test.ts [2m([22m[2m8 tests[22m[2m)[22m[32m 96[2mms[22m[39m
 [32m✓[39m [30m[45m @paperclipai/server [49m[39m src/__tests__/gemini-local-skill-sync.test.ts [2m([22m[2m2 tests[22m[2m)[22m[32m 88[2mms[22m[39m
 [32m✓[39m [30m[45m @paperclipai/server [49m[39m src/__tests__/paperclip-skill-utils.test.ts [2m([22m[2m5 tests[22m[2m)[22m[32m 81[2mms[22m[39m
 [32m✓[39m [30m[45m @paperclipai/server [49m[39m src/__tests__/adapter-models.test.ts [2m([22m[2m7 tests[22m[2m)[22m[33m 316[2mms[22m[39m
 [32m✓[39m [30m[45m @paperclipai/server [49m[39m src/__tests__/host-runtime-bridge.test.ts [2m([22m[2m6 tests[22m[2m)[22m[33m 1311[2mms[22m[39m
   [33m[2m✓[22m[39m host runtime bridge client[2m > [22mcoalesces log chunks when the host bridge consumer lags [33m 1083[2mms[22m[39m
 [32m✓[39m [30m[45m @paperclipai/server [49m[39m src/__tests__/company-branding-route.test.ts [2m([22m[2m4 tests[22m[2m)[22m[32m 114[2mms[22m[39m
 [32m✓[39m [30m[45m @paperclipai/server [49m[39m src/__tests__/company-portability-routes.test.ts [2m([22m[2m4 tests[22m[2m)[22m[33m 3775[2mms[22m[39m
   [33m[2m✓[22m[39m company portability routes[2m > [22mrejects non-CEO agents from CEO-safe export preview routes [33m 2407[2mms[22m[39m
   [33m[2m✓[22m[39m company portability routes[2m > [22mallows CEO agents to use company-scoped export preview routes [33m 484[2mms[22m[39m
   [33m[2m✓[22m[39m company portability routes[2m > [22mrejects replace collision strategy on CEO-safe import routes [33m 460[2mms[22m[39m
   [33m[2m✓[22m[39m company portability routes[2m > [22mkeeps global import preview routes board-only [33m 419[2mms[22m[39m
 [32m✓[39m [30m[45m @paperclipai/server [49m[39m src/__tests__/assets.test.ts [2m([22m[2m8 tests[22m[2m)[22m[33m 564[2mms[22m[39m
 [32m✓[39m [30m[45m @paperclipai/server [49m[39m src/__tests__/opencode-local-skill-sync.test.ts [2m([22m[2m2 tests[22m[2m)[22m[32m 89[2mms[22m[39m
 [32m✓[39m [30m[45m @paperclipai/server [49m[39m src/__tests__/company-stop-route.test.ts [2m([22m[2m2 tests[22m[2m)[22m[32m 58[2mms[22m[39m
 [32m✓[39m [30m[45m @paperclipai/server [49m[39m src/__tests__/claude-local-skill-sync.test.ts [2m([22m[2m4 tests[22m[2m)[22m[32m 36[2mms[22m[39m
 [32m✓[39m [30m[45m @paperclipai/server [49m[39m src/__tests__/issue-comment-encoding-routes.test.ts [2m([22m[2m2 tests[22m[2m)[22m[32m 99[2mms[22m[39m
 [32m✓[39m [30m[45m @paperclipai/server [49m[39m src/__tests__/instance-settings-routes.test.ts [2m([22m[2m9 tests[22m[2m)[22m[32m 163[2mms[22m[39m
 [32m✓[39m [30m[45m @paperclipai/server [49m[39m src/__tests__/pi-local-skill-sync.test.ts [2m([22m[2m2 tests[22m[2m)[22m[32m 59[2mms[22m[39m
 [32m✓[39m [30m[46m paperclipai [49m[39m src/__tests__/http.test.ts [2m([22m[2m3 tests[22m[2m)[22m[32m 36[2mms[22m[39m
 [32m✓[39m [30m[45m @paperclipai/server [49m[39m src/__tests__/company-skills-routes.test.ts [2m([22m[2m3 tests[22m[2m)[22m[32m 81[2mms[22m[39m
 [32m✓[39m [30m[45m @paperclipai/server [49m[39m src/__tests__/approval-routes-idempotency.test.ts [2m([22m[2m2 tests[22m[2m)[22m[32m 74[2mms[22m[39m
 [32m✓[39m [30m[45m @paperclipai/server [49m[39m src/__tests__/private-hostname-guard.test.ts [2m([22m[2m5 tests[22m[2m)[22m[32m 70[2mms[22m[39m
 [32m✓[39m [30m[45m @paperclipai/server [49m[39m src/__tests__/storage-local-provider.test.ts [2m([22m[2m3 tests[22m[2m)[22m[32m 57[2mms[22m[39m
 [32m✓[39m [30m[45m @paperclipai/server [49m[39m src/__tests__/issue-checkout-live-events.test.ts [2m([22m[2m1 test[22m[2m)[22m[32m 139[2mms[22m[39m
 [32m✓[39m [30m[43m @paperclipai/ui [49m[39m src/components/transcript/RunTranscriptView.test.tsx [2m([22m[2m3 tests[22m[2m)[22m[32m 118[2mms[22m[39m
 [32m✓[39m [30m[45m @paperclipai/server [49m[39m src/__tests__/codex-local-skill-sync.test.ts [2m([22m[2m4 tests[22m[2m)[22m[32m 48[2mms[22m[39m
 [32m✓[39m [30m[45m @paperclipai/server [49m[39m src/__tests__/issue-publication-guard-routes.test.ts [2m([22m[2m5 tests[22m[2m)[22m[32m 225[2mms[22m[39m
 [32m✓[39m [30m[43m @paperclipai/ui [49m[39m src/components/MarkdownBody.test.tsx [2m([22m[2m2 tests[22m[2m)[22m[32m 61[2mms[22m[39m
 [32m✓[39m [30m[45m @paperclipai/server [49m[39m src/__tests__/activity-routes.test.ts [2m([22m[2m1 test[22m[2m)[22m[32m 52[2mms[22m[39m
 [32m✓[39m [30m[45m @paperclipai/server [49m[39m src/__tests__/openclaw-invite-prompt-route.test.ts [2m([22m[2m4 tests[22m[2m)[22m[32m 155[2mms[22m[39m
 [32m✓[39m [30m[45m @paperclipai/server [49m[39m src/__tests__/plugin-dev-watcher.test.ts [2m([22m[2m2 tests[22m[2m)[22m[32m 50[2mms[22m[39m
 [32m✓[39m [30m[46m paperclipai [49m[39m src/__tests__/worktree-merge-history.test.ts [2m([22m[2m7 tests[22m[2m)[22m[32m 42[2mms[22m[39m
 [32m✓[39m [30m[45m @paperclipai/server [49m[39m src/__tests__/companies-route-path-guard.test.ts [2m([22m[2m1 test[22m[2m)[22m[32m 47[2mms[22m[39m
 [32m✓[39m [30m[45m @paperclipai/server [49m[39m src/__tests__/cursor-local-skill-injection.test.ts [2m([22m[2m3 tests[22m[2m)[22m[32m 55[2mms[22m[39m
 [32m✓[39m [30m[45m @paperclipai/server [49m[39m src/__tests__/workspace-runtime.windows.test.ts [2m([22m[2m1 test[22m[2m)[22m[33m 1480[2mms[22m[39m
   [33m[2m✓[22m[39m workspace runtime Windows UTF-8 shell execution[2m > [22mpreserves Cyrillic stdout and stderr for PowerShell provision commands [33m 1475[2mms[22m[39m
 [32m✓[39m [30m[45m @paperclipai/server [49m[39m src/__tests__/claude-local-adapter-environment.test.ts [2m([22m[2m3 tests[22m[2m)[22m[32m 30[2mms[22m[39m
 [32m✓[39m [30m[43m @paperclipai/db [49m[39m src/runtime-config.test.ts [2m([22m[2m4 tests[22m[2m)[22m[32m 34[2mms[22m[39m
 [32m✓[39m [30m[45m @paperclipai/server [49m[39m src/__tests__/issue-comment-reopen-routes.test.ts [2m([22m[2m2 tests[22m[2m)[22m[32m 177[2mms[22m[39m
 [32m✓[39m [30m[45m @paperclipai/server [49m[39m src/__tests__/company-skills.test.ts [2m([22m[2m11 tests[22m[2m)[22m[32m 227[2mms[22m[39m
 [32m✓[39m [30m[45m @paperclipai/server [49m[39m src/__tests__/issue-legacy-task-route.test.ts [2m([22m[2m1 test[22m[2m)[22m[32m 71[2mms[22m[39m
[10:01:35] [33mWARN[39m: [36mLocal adapter path normalization applied[39m [90m{"companyId":"22222222-2222-4222-8222-222222222222","agentId":null,"sessionId":null,"taskKey":null,"route":"/api/companies/:companyId/agents","repairSource":"request","configKey":"cwd","originalPath":"D:\new-projects\paperclip\data\docker-paperclip\repos\product","normalizedPath":"/paperclip/repos/product","action":"normalized"}[39m
[10:01:35] [33mWARN[39m: [36mLocal adapter path normalization applied[39m [90m{"companyId":"22222222-2222-4222-8222-222222222222","agentId":null,"sessionId":null,"taskKey":null,"route":"/api/companies/:companyId/agents","repairSource":"request","configKey":"cwd","originalPath":"/paperclip/instances/default/workspaces/another-agent","normalizedPath":null,"action":"dropped"}[39m
[10:01:35] [33mWARN[39m: [36mLocal adapter path normalization applied[39m [90m{"companyId":"22222222-2222-4222-8222-222222222222","agentId":"11111111-1111-4111-8111-111111111111","sessionId":null,"taskKey":null,"route":"/api/agents/:id","repairSource":"request","configKey":"cwd","originalPath":"D:\new-projects\paperclip\data\docker-paperclip\repos\product","normalizedPath":"/paperclip/repos/product","action":"normalized"}[39m
 [32m✓[39m [30m[45m @paperclipai/server [49m[39m src/__tests__/agent-permissions-routes.test.ts [2m([22m[2m8 tests[22m[2m)[22m[32m 286[2mms[22m[39m
 [32m✓[39m [30m[45m @paperclipai/server [49m[39m src/__tests__/agent-instructions-routes.test.ts [2m([22m[2m2 tests[22m[2m)[22m[32m 142[2mms[22m[39m
 [32m✓[39m [30m[46m paperclipai [49m[39m src/__tests__/agent-jwt-env.test.ts [2m([22m[2m5 tests[22m[2m)[22m[32m 34[2mms[22m[39m
 [32m✓[39m [30m[45m @paperclipai/server [49m[39m src/__tests__/agent-auth-jwt.test.ts [2m([22m[2m5 tests[22m[2m)[22m[32m 20[2mms[22m[39m
[90mT[39m  [46m[30m paperclipai worktree init [39m[49m
 [32m✓[39m [30m[45m @paperclipai/server [49m[39m src/__tests__/codex-local-adapter.test.ts [2m([22m[2m10 tests[22m[2m)[22m[32m 22[2mms[22m[39m
 [32m✓[39m [30m[43m @paperclipai/ui [49m[39m src/components/ApprovalPayload.test.tsx [2m([22m[2m2 tests[22m[2m)[22m[32m 27[2mms[22m[39m
[90mstdout[2m | src/__tests__/worktree.test.ts[2m > [22m[2mworktree helpers[2m > [22m[2mpersists the current agent jwt secret into the worktree env file
[22m[39m
[36m██████╗  █████╗ ██████╗ ███████╗██████╗  ██████╗██╗     ██╗██████╗ [39m
[36m██╔══██╗██╔══██╗██╔══██╗██╔════╝██╔══██╗██╔════╝██║     ██║██╔══██╗[39m
[36m██████╔╝███████║██████╔╝█████╗  ██████╔╝██║     ██║     ██║██████╔╝[39m
[36m██╔═══╝ ██╔══██║██╔═══╝ ██╔══╝  ██╔══██╗██║     ██║     ██║██╔═══╝ [39m
[36m██║     ██║  ██║██║     ███████╗██║  ██║╚██████╗███████╗██║██║     [39m
[36m╚═╝     ╚═╝  ╚═╝╚═╝     ╚══════╝╚═╝  ╚═╝ ╚═════╝╚══════╝╚═╝╚═╝     [39m
[34m  ───────────────────────────────────────────────────────[39m
[1m[37m  Open-source orchestration for zero-human companies[39m[22m


 [32m✓[39m [30m[45m @paperclipai/server [49m[39m src/__tests__/cursor-local-adapter.test.ts [2m([22m[2m9 tests[22m[2m)[22m[32m 22[2mms[22m[39m
[90m|[39m
[90m|[39m  [2mRepo config: C:\Users\test\AppData\Local\Temp\paperclip-worktree-jwt-BM9fqC\repo\.paperclip\config.json[22m
[90m|[39m
[90m|[39m  [2mRepo env: C:\Users\test\AppData\Local\Temp\paperclip-worktree-jwt-BM9fqC\repo\.paperclip\.env[22m
[90m|[39m
[90m|[39m  [2mIsolated home: C:\Users\test\AppData\Local\Temp\paperclip-worktree-jwt-BM9fqC\.paperclip-worktrees[22m
[90m|[39m
[90m|[39m  [2mInstance: repo[22m
[90m|[39m
[90m|[39m  [2mWorktree badge: repo (#43dbd9)[22m
[90m|[39m
[90m|[39m  [2mServer port: 3101 | DB port: 54330[22m
[90m|[39m
[90m—[39m  [32mWorktree ready. Run Paperclip inside this repo and the CLI/server will use repo automatically.[39m

[90m|[39m
[32m*[39m  Added allowed hostname: [36mdotta-macbook-pro[39m
[90m|[39m
[90m|[39m  [2mRestart the Paperclip server for this change to take effect.[22m
[90m|[39m
[34m•[39m  Hostname [36mdotta-macbook-pro[39m is already allowed.
 [32m✓[39m [30m[46m paperclipai [49m[39m src/__tests__/allowed-hostname.test.ts [2m([22m[2m1 test[22m[2m)[22m[32m 24[2mms[22m[39m
 [32m✓[39m [30m[45m @paperclipai/server [49m[39m src/__tests__/live-events.test.ts [2m([22m[2m2 tests[22m[2m)[22m[32m 23[2mms[22m[39m
 [32m✓[39m [30m[45m @paperclipai/server [49m[39m src/__tests__/agent-skills-routes.test.ts [2m([22m[2m23 tests[22m[2m)[22m[33m 698[2mms[22m[39m
 [32m✓[39m [30m[45m @paperclipai/server [49m[39m src/__tests__/error-handler.test.ts [2m([22m[2m2 tests[22m[2m)[22m[32m 24[2mms[22m[39m
 [32m✓[39m [30m[46m paperclipai [49m[39m src/__tests__/common.test.ts [2m([22m[2m3 tests[22m[2m)[22m[32m 18[2mms[22m[39m
[90mT[39m  [46m[30m paperclip doctor [39m[49m
[90m|[39m
[90m|[39m  [32m✓[39m [1mConfig file[22m: Valid config at C:\Users\test\AppData\Local\Temp\paperclip-doctor-xBAYuJ\.paperclip\config.json
[90m|[39m
[90m|[39m  [32m✓[39m [1mDeployment/auth mode[22m: local_trusted mode is configured for loopback-only access
[90m|[39m
[90m|[39m  [31m✗[39m [1mAgent JWT secret[22m: PAPERCLIP_AGENT_JWT_SECRET and BETTER_AUTH_SECRET are missing from environment and C:\Users\test\AppData\Local\Temp\paperclip-doctor-xBAYuJ\.paperclip\.env
[90m|[39m
[90m|[39m    [2mRun with --repair to create C:\Users\test\AppData\Local\Temp\paperclip-doctor-xBAYuJ\.paperclip\.env containing PAPERCLIP_AGENT_JWT_SECRET, or set BETTER_AUTH_SECRET before starting Paperclip[22m
[90m|[39m
[32m*[39m  Repaired: Agent JWT secret
[90m|[39m
[90m|[39m  [32m✓[39m [1mAgent JWT secret[22m: PAPERCLIP_AGENT_JWT_SECRET is set in environment
[90m|[39m
[90m|[39m  [33m![39m [1mSecrets adapter[22m: Secrets key file does not exist yet: C:\Users\test\AppData\Local\Temp\paperclip-doctor-xBAYuJ\runtime\secrets\master.key
[90m|[39m
[90m|[39m    [2mRun with --repair to create a local encrypted secrets key file[22m
[90m|[39m
[32m*[39m  Repaired: Secrets adapter
[90m|[39m
[90m|[39m  [32m✓[39m [1mSecrets adapter[22m: Local encrypted provider configured with key file C:\Users\test\AppData\Local\Temp\paperclip-doctor-xBAYuJ\runtime\secrets\master.key
[90mstdout[2m | src/__tests__/doctor.test.ts[2m > [22m[2mdoctor[2m > [22m[2mre-runs repairable checks so repaired failures do not remain blocking
[22m[39m
[36m██████╗  █████╗ ██████╗ ███████╗██████╗  ██████╗██╗     ██╗██████╗ [39m
[36m██╔══██╗██╔══██╗██╔══██╗██╔════╝██╔══██╗██╔════╝██║     ██║██╔══██╗[39m
[36m██████╔╝███████║██████╔╝█████╗  ██████╔╝██║     ██║     ██║██████╔╝[39m
[36m██╔═══╝ ██╔══██║██╔═══╝ ██╔══╝  ██╔══██╗██║     ██║     ██║██╔═══╝ [39m
[36m██║     ██║  ██║██║     ███████╗██║  ██║╚██████╗███████╗██║██║     [39m
[36m╚═╝     ╚═╝  ╚═╝╚═╝     ╚══════╝╚═╝  ╚═╝ ╚═════╝╚══════╝╚═╝╚═╝     [39m
[34m  ───────────────────────────────────────────────────────[39m
[1m[37m  Open-source orchestration for zero-human companies[39m[22m


[90m|[39m
[90m|[39m  [32m✓[39m [1mStorage[22m: Local disk storage is writable: C:\Users\test\AppData\Local\Temp\paperclip-doctor-xBAYuJ\runtime\storage
[90m|[39m
[90m|[39m  [32m✓[39m [1mDatabase[22m: Embedded PostgreSQL configured at C:\Users\test\AppData\Local\Temp\paperclip-doctor-xBAYuJ\runtime\db (port 55432)
[90m|[39m
[90m|[39m  [32m✓[39m [1mLLM provider[22m: No LLM provider configured (optional)
[90m|[39m
[90m|[39m  [32m✓[39m [1mLog directory[22m: Log directory is writable: C:\Users\test\AppData\Local\Temp\paperclip-doctor-xBAYuJ\runtime\logs
[90m|[39m
[90m|[39m  [32m✓[39m [1mServer port[22m: Port 3199 is available
[90m|[39m
[32mo[39m  [0mSummary[0m [90m--+[39m
[90m|[39m  [2m[22m          [90m|[39m
[90m|[39m  [2m[32m9 passed[39m[22m  [90m|[39m
[90m|[39m  [2m[22m          [90m|[39m
[90m+------------+[39m
[90m|[39m
[90m—[39m  [32mAll checks passed![39m

 [32m✓[39m [30m[46m paperclipai [49m[39m src/__tests__/doctor.test.ts [2m([22m[2m1 test[22m[2m)[22m[32m 99[2mms[22m[39m
 [32m✓[39m [30m[45m @paperclipai/server [49m[39m src/__tests__/budgets-service.test.ts [2m([22m[2m5 tests[22m[2m)[22m[32m 32[2mms[22m[39m
 [32m✓[39m [30m[45m @paperclipai/server [49m[39m src/__tests__/opencode-local-adapter.test.ts [2m([22m[2m5 tests[22m[2m)[22m[32m 17[2mms[22m[39m
 [32m✓[39m [30m[45m @paperclipai/server [49m[39m src/__tests__/adapter-session-codecs.test.ts [2m([22m[2m9 tests[22m[2m)[22m[32m 17[2mms[22m[39m
 [32m✓[39m [30m[43m @paperclipai/ui [49m[39m src/lib/inbox.test.ts [2m([22m[2m9 tests[22m[2m)[22m[32m 15[2mms[22m[39m
 [32m✓[39m [30m[46m paperclipai [49m[39m src/__tests__/context.test.ts [2m([22m[2m3 tests[22m[2m)[22m[32m 19[2mms[22m[39m
 [32m✓[39m [30m[45m @paperclipai/server [49m[39m src/__tests__/health.test.ts [2m([22m[2m1 test[22m[2m)[22m[32m 60[2mms[22m[39m
 [32m✓[39m [30m[45m @paperclipai/server [49m[39m src/__tests__/forbidden-tokens.test.ts [2m([22m[2m4 tests[22m[2m)[22m[32m 15[2mms[22m[39m
 [32m✓[39m [30m[45m @paperclipai/server [49m[39m src/__tests__/monthly-spend-service.test.ts [2m([22m[2m2 tests[22m[2m)[22m[32m 15[2mms[22m[39m
 [32m✓[39m [30m[45m @paperclipai/server [49m[39m src/__tests__/quota-windows-service.test.ts [2m([22m[2m1 test[22m[2m)[22m[32m 16[2mms[22m[39m
 [32m✓[39m [30m[45m @paperclipai/server [49m[39m src/__tests__/hire-hook.test.ts [2m([22m[2m5 tests[22m[2m)[22m[32m 32[2mms[22m[39m
 [32m✓[39m [30m[45m @paperclipai/server [49m[39m src/__tests__/local-adapter-path-repair.test.ts [2m([22m[2m5 tests[22m[2m)[22m[32m 16[2mms[22m[39m
 [32m✓[39m [30m[43m @paperclipai/ui [49m[39m src/lib/role-bundle-connector-suggestions.test.ts [2m([22m[2m5 tests[22m[2m)[22m[32m 13[2mms[22m[39m
 [32m✓[39m [30m[45m @paperclipai/server [49m[39m src/__tests__/gemini-local-adapter.test.ts [2m([22m[2m5 tests[22m[2m)[22m[32m 17[2mms[22m[39m
 [32m✓[39m [30m[43m @paperclipai/ui [49m[39m src/lib/pwa.test.ts [2m([22m[2m3 tests[22m[2m)[22m[32m 14[2mms[22m[39m
 [32m✓[39m [30m[45m @paperclipai/server [49m[39m src/__tests__/log-redaction.test.ts [2m([22m[2m4 tests[22m[2m)[22m[32m 13[2mms[22m[39m
 [32m✓[39m [30m[45m @paperclipai/server [49m[39m src/__tests__/dev-server-status.test.ts [2m([22m[2m2 tests[22m[2m)[22m[32m 17[2mms[22m[39m
 [32m✓[39m [30m[43m @paperclipai/ui [49m[39m src/lib/agent-skills-state.test.ts [2m([22m[2m6 tests[22m[2m)[22m[32m 10[2mms[22m[39m
 [32m✓[39m [30m[45m @paperclipai/server [49m[39m src/__tests__/role-bundle-skills.test.ts [2m([22m[2m3 tests[22m[2m)[22m[32m 13[2mms[22m[39m
 [32m✓[39m [30m[45m @paperclipai/server [49m[39m src/__tests__/attachment-types.test.ts [2m([22m[2m12 tests[22m[2m)[22m[32m 12[2mms[22m[39m
 [32m✓[39m [30m[46m paperclipai [49m[39m src/__tests__/home-paths.test.ts [2m([22m[2m4 tests[22m[2m)[22m[32m 10[2mms[22m[39m
 [32m✓[39m [30m[43m @paperclipai/ui [49m[39m src/lib/install-approval-drafts.test.ts [2m([22m[2m6 tests[22m[2m)[22m[32m 13[2mms[22m[39m
 [32m✓[39m [30m[45m @paperclipai/server [49m[39m src/__tests__/local-adapter-repair.test.ts [2m([22m[2m2 tests[22m[2m)[22m[32m 14[2mms[22m[39m
 [32m✓[39m [30m[43m @paperclipai/ui [49m[39m src/components/CompanyReviewRulesEditor.test.tsx [2m([22m[2m2 tests[22m[2m)[22m[32m 11[2mms[22m[39m
 [32m✓[39m [30m[43m @paperclipai/ui [49m[39m src/hooks/useCompanyPageMemory.test.ts [2m([22m[2m8 tests[22m[2m)[22m[32m 10[2mms[22m[39m
 [32m✓[39m [30m[45m @paperclipai/server [49m[39m src/__tests__/agent-skill-contract.test.ts [2m([22m[2m2 tests[22m[2m)[22m[32m 11[2mms[22m[39m
 [32m✓[39m [30m[45m @paperclipai/server [49m[39m src/__tests__/paperclip-env.test.ts [2m([22m[2m5 tests[22m[2m)[22m[32m 11[2mms[22m[39m
 [32m✓[39m [30m[45m @paperclipai/server [49m[39m src/__tests__/approvals-service.test.ts [2m([22m[2m5 tests[22m[2m)[22m[32m 73[2mms[22m[39m
 [32m✓[39m [30m[45m @paperclipai/server [49m[39m src/__tests__/redaction.test.ts [2m([22m[2m3 tests[22m[2m)[22m[32m 12[2mms[22m[39m
 [32m✓[39m [30m[43m @paperclipai/ui [49m[39m src/lib/role-bundle-readiness.test.ts [2m([22m[2m5 tests[22m[2m)[22m[32m 12[2mms[22m[39m
 [32m✓[39m [30m[45m @paperclipai/server [49m[39m src/__tests__/issue-goal-fallback.test.ts [2m([22m[2m5 tests[22m[2m)[22m[32m 8[2mms[22m[39m
[90mT[39m  [46m[30m paperclipai worktree:make [39m[49m
 [32m✓[39m [30m[45m @paperclipai/server [49m[39m src/__tests__/heartbeat-workspace-session.test.ts [2m([22m[2m19 tests[22m[2m)[22m[32m 43[2mms[22m[39m
[?25l[90m|[39m
 [32m✓[39m [30m[46m paperclipai [49m[39m src/__tests__/data-dir.test.ts [2m([22m[2m4 tests[22m[2m)[22m[32m 9[2mms[22m[39m
 [32m✓[39m [30m[45m @paperclipai/server [49m[39m src/__tests__/plugin-example-catalog.test.ts [2m([22m[2m2 tests[22m[2m)[22m[32m 9[2mms[22m[39m
 [32m✓[39m [30m[43m @paperclipai/ui [49m[39m src/lib/onboarding-route.test.ts [2m([22m[2m9 tests[22m[2m)[22m[32m 11[2mms[22m[39m
 [32m✓[39m [30m[43m @paperclipai/ui [49m[39m src/lib/install-approval-prefill.test.ts [2m([22m[2m4 tests[22m[2m)[22m[32m 10[2mms[22m[39m
 [32m✓[39m [30m[45m @paperclipai/server [49m[39m src/__tests__/work-products.test.ts [2m([22m[2m2 tests[22m[2m)[22m[32m 12[2mms[22m[39m
 [32m✓[39m [30m[45m @paperclipai/server [49m[39m src/__tests__/config-ui-dev-middleware.test.ts [2m([22m[2m5 tests[22m[2m)[22m[32m 9[2mms[22m[39m
[32mo[39m  Created git worktree at C:\Users\test\AppData\Local\Temp\paperclip-worktree-make-POxU0G\home\paperclip-make-test
[?25h[?25l[90m|[39m
[32mo[39m  [33mFailed to install dependencies (continuing anyway).[39m
[?25h[90m|[39m
[33m![39m  spawnSync pnpm ENOENT
[90mstdout[2m | src/__tests__/worktree.test.ts[2m > [22m[2mworktree helpers[2m > [22m[2mcreates and initializes a worktree from the top-level worktree:make command
[22m[39m
[36m██████╗  █████╗ ██████╗ ███████╗██████╗  ██████╗██╗     ██╗██████╗ [39m
[36m██╔══██╗██╔══██╗██╔══██╗██╔════╝██╔══██╗██╔════╝██║     ██║██╔══██╗[39m
[36m██████╔╝███████║██████╔╝█████╗  ██████╔╝██║     ██║     ██║██████╔╝[39m
[36m██╔═══╝ ██╔══██║██╔═══╝ ██╔══╝  ██╔══██╗██║     ██║     ██║██╔═══╝ [39m
[36m██║     ██║  ██║██║     ███████╗██║  ██║╚██████╗███████╗██║██║     [39m
[36m╚═╝     ╚═╝  ╚═╝╚═╝     ╚══════╝╚═╝  ╚═╝ ╚═════╝╚══════╝╚═╝╚═╝     [39m
[34m  ───────────────────────────────────────────────────────[39m
[1m[37m  Open-source orchestration for zero-human companies[39m[22m


 [32m✓[39m [30m[46m paperclipai [49m[39m src/__tests__/company-delete.test.ts [2m([22m[2m9 tests[22m[2m)[22m[32m 11[2mms[22m[39m
 [32m✓[39m [30m[45m @paperclipai/server [49m[39m src/__tests__/role-bundles.test.ts [2m([22m[2m9 tests[22m[2m)[22m[32m 32[2mms[22m[39m
 [32m✓[39m [30m[45m @paperclipai/server [49m[39m src/__tests__/execution-workspace-policy.test.ts [2m([22m[2m7 tests[22m[2m)[22m[32m 11[2mms[22m[39m
 [32m✓[39m [30m[45m @paperclipai/adapter-opencode-local [49m[39m src/server/parse.test.ts [2m([22m[2m2 tests[22m[2m)[22m[32m 9[2mms[22m[39m
 [32m✓[39m [30m[43m @paperclipai/ui [49m[39m src/lib/issue-review.test.ts [2m([22m[2m4 tests[22m[2m)[22m[32m 11[2mms[22m[39m
 [32m✓[39m [30m[45m @paperclipai/server [49m[39m src/__tests__/better-auth.test.ts [2m([22m[2m2 tests[22m[2m)[22m[32m 15[2mms[22m[39m
 [32m✓[39m [30m[43m @paperclipai/ui [49m[39m src/lib/assignees.test.ts [2m([22m[2m8 tests[22m[2m)[22m[32m 10[2mms[22m[39m
 [32m✓[39m [30m[43m @paperclipai/ui [49m[39m src/lib/run-errors.test.ts [2m([22m[2m4 tests[22m[2m)[22m[32m 8[2mms[22m[39m
 [32m✓[39m [30m[45m @paperclipai/server [49m[39m src/__tests__/ui-branding.test.ts [2m([22m[2m5 tests[22m[2m)[22m[32m 9[2mms[22m[39m
[90m|[39m
[90m|[39m  [2mRepo config: C:\Users\test\AppData\Local\Temp\paperclip-worktree-make-POxU0G\home\paperclip-make-test\.paperclip\config.json[22m
[90m|[39m
[90m|[39m  [2mRepo env: C:\Users\test\AppData\Local\Temp\paperclip-worktree-make-POxU0G\home\paperclip-make-test\.paperclip\.env[22m
[90m|[39m
[90m|[39m  [2mIsolated home: C:\Users\test\AppData\Local\Temp\paperclip-worktree-make-POxU0G\.paperclip-worktrees[22m
[90m|[39m
[90m|[39m  [2mInstance: paperclip-make-test[22m
[90m|[39m
[90m|[39m  [2mWorktree badge: paperclip-make-test (#43cedb)[22m
[90m|[39m
[90m|[39m  [2mServer port: 3101 | DB port: 54330[22m
[90m|[39m
[90m|[39m  [2mMirrored git hooks: C:\Users\test\AppData\Local\Temp\paperclip-worktree-make-POxU0G\repo\.git\hooks -> C:\Users\test\AppData\Local\Temp\paperclip-worktree-make-POxU0G\repo\.git\worktrees\paperclip-make-test\hooks[22m
[90m|[39m
[90m—[39m  [32mWorktree ready. Run Paperclip inside this repo and the CLI/server will use paperclip-make-test automatically.[39m

 [32m✓[39m [30m[45m @paperclipai/server [49m[39m src/__tests__/agent-shortname-collision.test.ts [2m([22m[2m8 tests[22m[2m)[22m[32m 9[2mms[22m[39m
 [32m✓[39m [30m[43m @paperclipai/ui [49m[39m src/lib/agent-hire-feedback.test.ts [2m([22m[2m4 tests[22m[2m)[22m[32m 8[2mms[22m[39m
 [32m✓[39m [30m[46m paperclipai [49m[39m src/__tests__/worktree.test.ts [2m([22m[2m21 tests[22m[2m)[22m[33m 4576[2mms[22m[39m
   [33m[2m✓[22m[39m worktree helpers[2m > [22mcopies shared git hooks into a linked worktree git dir [33m 2212[2mms[22m[39m
   [33m[2m✓[22m[39m worktree helpers[2m > [22mcreates and initializes a worktree from the top-level worktree:make command [33m 1924[2mms[22m[39m
 [32m✓[39m [30m[45m @paperclipai/server [49m[39m src/__tests__/invite-accept-gateway-defaults.test.ts [2m([22m[2m6 tests[22m[2m)[22m[32m 30[2mms[22m[39m
 [32m✓[39m [30m[43m @paperclipai/ui [49m[39m src/lib/onboarding-goal.test.ts [2m([22m[2m2 tests[22m[2m)[22m[32m 7[2mms[22m[39m
 [32m✓[39m [30m[45m @paperclipai/server [49m[39m src/__tests__/heartbeat-run-summary.test.ts [2m([22m[2m2 tests[22m[2m)[22m[32m 7[2mms[22m[39m
 [32m✓[39m [30m[43m @paperclipai/ui [49m[39m src/lib/routine-trigger-patch.test.ts [2m([22m[2m2 tests[22m[2m)[22m[32m 7[2mms[22m[39m
 [32m✓[39m [30m[43m @paperclipai/ui [49m[39m src/lib/instance-settings.test.ts [2m([22m[2m2 tests[22m[2m)[22m[32m 6[2mms[22m[39m
 [32m✓[39m [30m[43m @paperclipai/ui [49m[39m src/lib/legacy-agent-config.test.ts [2m([22m[2m3 tests[22m[2m)[22m[32m 6[2mms[22m[39m
 [32m✓[39m [30m[45m @paperclipai/server [49m[39m src/__tests__/claude-local-adapter.test.ts [2m([22m[2m3 tests[22m[2m)[22m[32m 6[2mms[22m[39m
 [32m✓[39m [30m[45m @paperclipai/server [49m[39m src/__tests__/issues-checkout-wakeup.test.ts [2m([22m[2m4 tests[22m[2m)[22m[32m 7[2mms[22m[39m
 [32m✓[39m [30m[43m @paperclipai/ui [49m[39m src/lib/onboarding-connector-recommendations.test.ts [2m([22m[2m4 tests[22m[2m)[22m[32m 10[2mms[22m[39m
 [32m✓[39m [30m[43m @paperclipai/ui [49m[39m src/lib/company-selection.test.ts [2m([22m[2m3 tests[22m[2m)[22m[32m 6[2mms[22m[39m
 [32m✓[39m [30m[46m paperclipai [49m[39m src/__tests__/company-import-url.test.ts [2m([22m[2m6 tests[22m[2m)[22m[32m 8[2mms[22m[39m
 [32m✓[39m [30m[43m @paperclipai/ui [49m[39m src/adapters/transcript.test.ts [2m([22m[2m2 tests[22m[2m)[22m[32m 8[2mms[22m[39m
 [32m✓[39m [30m[43m @paperclipai/ui [49m[39m src/context/LiveUpdatesProvider.test.ts [2m([22m[2m1 test[22m[2m)[22m[32m 6[2mms[22m[39m
 [32m✓[39m [30m[45m @paperclipai/server [49m[39m src/__tests__/issues-user-context.test.ts [2m([22m[2m6 tests[22m[2m)[22m[32m 12[2mms[22m[39m
 [32m✓[39m [30m[43m @paperclipai/ui [49m[39m src/plugins/slots.test.ts [2m([22m[2m3 tests[22m[2m)[22m[32m 7[2mms[22m[39m
 [32m✓[39m [30m[45m @paperclipai/server [49m[39m src/__tests__/role-bundle-connectors.test.ts [2m([22m[2m2 tests[22m[2m)[22m[32m 19[2mms[22m[39m
 [32m✓[39m [30m[45m @paperclipai/server [49m[39m src/__tests__/plugin-worker-manager.test.ts [2m([22m[2m3 tests[22m[2m)[22m[32m 7[2mms[22m[39m
 [32m✓[39m [30m[45m @paperclipai/server [49m[39m src/__tests__/project-shortname-resolution.test.ts [2m([22m[2m5 tests[22m[2m)[22m[32m 8[2mms[22m[39m
 [32m✓[39m [30m[45m @paperclipai/server [49m[39m src/__tests__/invite-onboarding-text.test.ts [2m([22m[2m3 tests[22m[2m)[22m[32m 12[2mms[22m[39m
 [32m✓[39m [30m[45m @paperclipai/server [49m[39m src/__tests__/documents.test.ts [2m([22m[2m3 tests[22m[2m)[22m[32m 4[2mms[22m[39m
 [32m✓[39m [30m[45m @paperclipai/server [49m[39m src/__tests__/invite-accept-replay.test.ts [2m([22m[2m2 tests[22m[2m)[22m[32m 8[2mms[22m[39m
 [32m✓[39m [30m[45m @paperclipai/server [49m[39m src/__tests__/invite-expiry.test.ts [2m([22m[2m1 test[22m[2m)[22m[32m 4[2mms[22m[39m
 [32m✓[39m [30m[45m @paperclipai/server [49m[39m src/__tests__/invite-join-manager.test.ts [2m([22m[2m3 tests[22m[2m)[22m[32m 4[2mms[22m[39m
 [32m✓[39m [30m[45m @paperclipai/server [49m[39m src/__tests__/app-hmr-port.test.ts [2m([22m[2m3 tests[22m[2m)[22m[32m 6[2mms[22m[39m
 [32m✓[39m [30m[45m @paperclipai/server [49m[39m src/__tests__/issue-release-service.test.ts [2m([22m[2m3 tests[22m[2m)[22m[33m 12757[2mms[22m[39m
 [32m✓[39m [30m[45m @paperclipai/server [49m[39m src/__tests__/agent-membership-repair.test.ts [2m([22m[2m2 tests[22m[2m)[22m[33m 13272[2mms[22m[39m
[10:01:46] [33mWARN[39m: [36mreaped orphaned heartbeat runs[39m [90m{"reapedCount":1,"runIds":["d527c855-2c53-456c-a6d5-e00ba2063656"]}[39m
[10:01:47] [33mWARN[39m: [36mreaped orphaned heartbeat runs[39m [90m{"reapedCount":1,"runIds":["3e468f55-5551-4d61-994b-8c17c5e6b406"]}[39m
[10:01:47] [33mWARN[39m: [36mlocal agent jwt secret missing or invalid; running without injected PAPERCLIP_API_KEY[39m [90m{"companyId":"0f17713c-1939-41b3-ba03-12d372c5e464","agentId":"ade9b4d3-3989-4c14-9347-fae02ccba255","runId":"075872d3-3d8a-4c53-af98-7b8d95f380db","adapterType":"codex_local"}[39m
 [32m✓[39m [30m[45m @paperclipai/server [49m[39m src/__tests__/windows-encoding-repair.test.ts [2m([22m[2m9 tests[22m[2m)[22m[33m 13738[2mms[22m[39m
   [33m[2m✓[22m[39m windows encoding repair service[2m > [22mrepairs exact-match corrupted issue content and skips unrecoverable rows [33m 420[2mms[22m[39m
   [33m[2m✓[22m[39m windows encoding repair service[2m > [22mretries exact-only repair after insert when item.completed arrives later [33m 316[2mms[22m[39m
[10:01:47] [33mWARN[39m: [36mlocal agent jwt secret missing or invalid; running without injected PAPERCLIP_API_KEY[39m [90m{"companyId":"7f61a464-8207-45b7-a8fd-bc3dab4203ba","agentId":"2ee75b8e-b36f-4b79-8115-0fa789e5c035","runId":"dc5704ff-8c59-4ed9-9409-c5da503c028d","adapterType":"codex_local"}[39m
 [32m✓[39m [30m[43m @paperclipai/db [49m[39m src/client.test.ts [2m([22m[2m1 test[22m[2m)[22m[33m 14469[2mms[22m[39m
   [33m[2m✓[22m[39m applyPendingMigrations[2m > [22mapplies an inserted earlier migration without replaying later legacy migrations [33m 14467[2mms[22m[39m
[10:01:47] [31mERROR[39m: [36mheartbeat execution setup failed[39m [90m{"runId":"9b6de82d-80b9-4f2e-b9ca-cda653b44a47"}[39m
    err: {
      "type": "PostgresError",
      "message": "insert or update on table \"company_skills\" violates foreign key constraint \"company_skills_company_id_companies_id_fk\"",
      "stack":
          PostgresError: insert or update on table "company_skills" violates foreign key constraint "company_skills_company_id_companies_id_fk"
              at ErrorResponse (file:///D:/new-projects/paperclip/node_modules/.pnpm/postgres@3.4.8/node_modules/postgres/src/connection.js:815:30)
              at handle (file:///D:/new-projects/paperclip/node_modules/.pnpm/postgres@3.4.8/node_modules/postgres/src/connection.js:489:6)
              at Socket.data (file:///D:/new-projects/paperclip/node_modules/.pnpm/postgres@3.4.8/node_modules/postgres/src/connection.js:324:9)
              at Socket.emit (node:events:518:28)
              at addChunk (node:internal/streams/readable:561:12)
              at readableAddChunkPushByteMode (node:internal/streams/readable:512:3)
              at Socket.Readable.push (node:internal/streams/readable:392:5)
              at TCP.onStreamRead (node:internal/stream_base_commons:189:23)
      "name": "PostgresError",
      "severity_local": "ERROR",
      "severity": "ERROR",
      "code": "23503",
      "detail": "Key (company_id)=(7f61a464-8207-45b7-a8fd-bc3dab4203ba) is not present in table \"companies\".",
      "schema_name": "public",
      "table_name": "company_skills",
      "constraint_name": "company_skills_company_id_companies_id_fk",
      "file": "ri_triggers.c",
      "line": "2783",
      "routine": "ri_ReportViolation"
    }
[10:01:47] [33mWARN[39m: [36mfailed to wake assignee on issue assignment[39m [90m{"issueId":"b0eef701-700e-487e-b3e2-640499295347"}[39m
    err: {
      "type": "Error",
      "message": "queue unavailable",
      "stack":
          Error: queue unavailable
              at Object.wakeup (D:\new-projects\paperclip\server\src\__tests__\routines-service.test.ts:452:15)
              at Object.wakeup (D:\new-projects\paperclip\server\src\__tests__\routines-service.test.ts:203:41)
              at queueIssueAssignmentWakeup (D:\new-projects\paperclip\server\src\services\issue-assignment-wakeup.ts:34:6)
              at D:\new-projects\paperclip\server\src\services\routines.ts:633:15
              at processTicksAndRejections (node:internal/process/task_queues:105:5)
              at scope (file:///D:/new-projects/paperclip/node_modules/.pnpm/postgres@3.4.8/node_modules/postgres/src/index.js:260:18)
              at Function.begin (file:///D:/new-projects/paperclip/node_modules/.pnpm/postgres@3.4.8/node_modules/postgres/src/index.js:243:14)
              at dispatchRoutineRun (D:\new-projects\paperclip\server\src\services\routines.ts:520:17)
              at D:\new-projects\paperclip\server\src\__tests__\routines-service.test.ts:456:17
              at file:///D:/new-projects/paperclip/node_modules/.pnpm/@vitest+runner@3.2.4/node_modules/@vitest/runner/dist/chunk-hooks.js:752:20
    }
 [32m✓[39m [30m[45m @paperclipai/server [49m[39m src/__tests__/routines-service.test.ts [2m([22m[2m7 tests[22m[2m)[22m[33m 12482[2mms[22m[39m
   [33m[2m✓[22m[39m routine service live-execution coalescing[2m > [22mcreates a fresh execution issue when the previous routine issue is open but idle [33m 423[2mms[22m[39m
[10:01:48] [31mERROR[39m: [36mmanaged local agent auth signer unavailable in authenticated deployment[39m [90m{"companyId":"0b9ac646-5c6f-43e5-80e3-6b24be384962","agentId":"81607570-a26e-44a7-a673-85bb15872837","runId":"75883f52-9434-4c25-a65f-937df4f54adc","adapterType":"codex_local"}[39m
[10:01:48] [33mWARN[39m: [36mlocal agent jwt secret missing or invalid; running without injected PAPERCLIP_API_KEY[39m [90m{"companyId":"c77f34d3-59f7-442a-8c77-a1f57f43113c","agentId":"33de6d20-379c-4bc0-bda1-f4c5283aef4f","runId":"146b0ed1-3e22-4d3d-a543-c72a7405dbf6","adapterType":"codex_local"}[39m
 [32m✓[39m [30m[45m @paperclipai/server [49m[39m src/__tests__/routines-e2e.test.ts [2m([22m[2m1 test[22m[2m)[22m[33m 15325[2mms[22m[39m
   [33m[2m✓[22m[39m routine routes end-to-end[2m > [22msupports creating, scheduling, and manually running a routine through the API [33m 2457[2mms[22m[39m
[10:01:48] [33mWARN[39m: [36mlocal agent jwt secret missing or invalid; running without injected PAPERCLIP_API_KEY[39m [90m{"companyId":"aa128e21-b279-4b5d-b2fa-c45515212d32","agentId":"5df5d441-ce5d-4fe5-a4ba-77f4a54dd1d8","runId":"6b7fb81d-b9fc-41f7-8ed7-bb49e546c73c","adapterType":"codex_local"}[39m
[10:01:48] [33mWARN[39m: [36mlocal agent jwt secret missing or invalid; running without injected PAPERCLIP_API_KEY[39m [90m{"companyId":"aa2ffcf5-19ca-4da5-b3f7-6639752efa24","agentId":"30a48165-5f62-4785-bf03-2ec39cf7966d","runId":"580a973c-6dcc-4c2d-b703-9e276e7e1662","adapterType":"codex_local"}[39m
 [32m✓[39m [30m[45m @paperclipai/server [49m[39m src/__tests__/workspace-runtime.test.ts [2m([22m[2m15 tests[22m[2m)[22m[33m 15633[2mms[22m[39m
   [33m[2m✓[22m[39m realizeExecutionWorkspace[2m > [22mcreates and reuses a git worktree for an issue-scoped branch [33m 1105[2mms[22m[39m
   [33m[2m✓[22m[39m realizeExecutionWorkspace[2m > [22mruns a configured provision command inside the derived worktree [33m 2960[2mms[22m[39m
   [33m[2m✓[22m[39m realizeExecutionWorkspace[2m > [22mrecords worktree setup and provision operations when a recorder is provided [33m 2890[2mms[22m[39m
   [33m[2m✓[22m[39m realizeExecutionWorkspace[2m > [22mreuses an existing branch without resetting it when recreating a missing worktree [33m 1841[2mms[22m[39m
   [33m[2m✓[22m[39m realizeExecutionWorkspace[2m > [22mremoves a created git worktree and branch during cleanup [33m 938[2mms[22m[39m
   [33m[2m✓[22m[39m realizeExecutionWorkspace[2m > [22mkeeps an unmerged runtime-created branch and warns instead of force deleting it [33m 1088[2mms[22m[39m
   [33m[2m✓[22m[39m realizeExecutionWorkspace[2m > [22mrecords teardown and cleanup operations when a recorder is provided [33m 1235[2mms[22m[39m
   [33m[2m✓[22m[39m ensureRuntimeServicesForRun[2m > [22mreuses shared runtime services across runs and starts a new service after release [33m 1625[2mms[22m[39m
   [33m[2m✓[22m[39m ensureRuntimeServicesForRun[2m > [22mdoes not leak parent Paperclip instance env into runtime service commands [33m 682[2mms[22m[39m
   [33m[2m✓[22m[39m ensureRuntimeServicesForRun[2m > [22mstops execution workspace runtime services by executionWorkspaceId [33m 891[2mms[22m[39m
   [33m[2m✓[22m[39m ensureRuntimeServicesForRun[2m > [22mdoes not stop services in sibling directories when matching by workspace cwd [33m 348[2mms[22m[39m
[10:01:48] [33mWARN[39m: [36mlocal agent jwt secret missing or invalid; running without injected PAPERCLIP_API_KEY[39m [90m{"companyId":"9b4329b2-9fc8-406e-9ed3-2a102170a316","agentId":"484e6eb5-6501-4c7a-9d38-fcb4fc3c232c","runId":"dd2bc236-272b-4ec4-8c8f-73b651831618","adapterType":"codex_local"}[39m
[10:01:49] [33mWARN[39m: [36mlocal agent jwt secret missing or invalid; running without injected PAPERCLIP_API_KEY[39m [90m{"companyId":"9b4329b2-9fc8-406e-9ed3-2a102170a316","agentId":"484e6eb5-6501-4c7a-9d38-fcb4fc3c232c","runId":"d328a9e8-db90-4d33-bdf1-41df87b5fd12","adapterType":"codex_local"}[39m
[10:01:49] [33mWARN[39m: [36mlocal agent jwt secret missing or invalid; running without injected PAPERCLIP_API_KEY[39m [90m{"companyId":"9b4329b2-9fc8-406e-9ed3-2a102170a316","agentId":"484e6eb5-6501-4c7a-9d38-fcb4fc3c232c","runId":"6abdbbd9-db0e-45f5-a0a5-28753bf26c3c","adapterType":"codex_local"}[39m
[10:01:49] [33mWARN[39m: [36mlocal agent jwt secret missing or invalid; running without injected PAPERCLIP_API_KEY[39m [90m{"companyId":"1f24c0a8-a8cb-4531-98b5-39cde8d2f07b","agentId":"2039217f-b4ea-44b6-a2c4-b971d8bedcf1","runId":"9bb795cc-ee76-4265-81c5-8524a8510f62","adapterType":"codex_local"}[39m
[10:01:49] [33mWARN[39m: [36mlocal agent jwt secret missing or invalid; running without injected PAPERCLIP_API_KEY[39m [90m{"companyId":"1f24c0a8-a8cb-4531-98b5-39cde8d2f07b","agentId":"2039217f-b4ea-44b6-a2c4-b971d8bedcf1","runId":"36209903-d6ef-48fc-a172-b8e40df53a14","adapterType":"codex_local"}[39m
[10:01:50] [33mWARN[39m: [36mlocal agent jwt secret missing or invalid; running without injected PAPERCLIP_API_KEY[39m [90m{"companyId":"1f24c0a8-a8cb-4531-98b5-39cde8d2f07b","agentId":"2039217f-b4ea-44b6-a2c4-b971d8bedcf1","runId":"8820588f-3a23-4ba1-a3dc-b04eb873b309","adapterType":"codex_local"}[39m
[10:01:50] [33mWARN[39m: [36mlocal agent jwt secret missing or invalid; running without injected PAPERCLIP_API_KEY[39m [90m{"companyId":"1f24c0a8-a8cb-4531-98b5-39cde8d2f07b","agentId":"2039217f-b4ea-44b6-a2c4-b971d8bedcf1","runId":"46d303af-7abf-4995-bffb-7cafa9602e86","adapterType":"codex_local"}[39m
 [32m✓[39m [30m[45m @paperclipai/server [49m[39m src/__tests__/authenticated-self-signup.test.ts [2m([22m[2m3 tests[22m[2m)[22m[33m 11072[2mms[22m[39m
   [33m[2m✓[22m[39m authenticated self-signup[2m > [22mauto-promotes exactly one first registered user to instance_admin [33m 638[2mms[22m[39m
   [33m[2m✓[22m[39m authenticated self-signup[2m > [22mlets any signed-in user create a company and direct human invites grant access [33m 740[2mms[22m[39m
   [33m[2m✓[22m[39m authenticated self-signup[2m > [22mallows signup from localhost when the configured public URL uses 127.0.0.1 [33m 339[2mms[22m[39m
 [32m✓[39m [30m[45m @paperclipai/server [49m[39m src/__tests__/heartbeat-process-recovery.test.ts [2m([22m[2m14 tests[22m[2m)[22m[33m 15327[2mms[22m[39m
   [33m[2m✓[22m[39m heartbeat orphaned process recovery[2m > [22mpauses the agent after an adapter auth failure and suppresses future timer wakes [33m 428[2mms[22m[39m
   [33m[2m✓[22m[39m heartbeat orphaned process recovery[2m > [22muses BETTER_AUTH_SECRET to mint PAPERCLIP_API_KEY for authenticated local runs [33m 314[2mms[22m[39m
   [33m[2m✓[22m[39m heartbeat orphaned process recovery[2m > [22mauto-pauses the agent after three consecutive heartbeat failures [33m 641[2mms[22m[39m
   [33m[2m✓[22m[39m heartbeat orphaned process recovery[2m > [22mresets the failure streak after a successful run [33m 894[2mms[22m[39m

[2m Test Files [22m [1m[32m151 passed[39m[22m[90m (151)[39m
[2m      Tests [22m [1m[32m749 passed[39m[22m[90m (749)[39m
[2m   Start at [22m 13:01:27
[2m   Duration [22m 23.52s[2m (transform 37.45s, setup 0ms, collect 269.39s, tests 147.99s, environment 54ms, prepare 35.56s)[22m

